// Jest Snapshot v1, https://goo.gl/fbAQLP

exports[`Sorts expect to match snapshot 1`] = `
Object {
  "asFragment": [Function],
  "baseElement": <body>
    <div>
      <div
        class="MuiContainer-root SortsPageContainer-root-2 MuiContainer-maxWidthLg"
        id="Sorts"
      >
        <div
          class="MuiGrid-root MuiGrid-container"
          id="title"
        >
          <div
            class="MuiGrid-root MuiGrid-container"
          >
            <h2
              class="MuiTypography-root MuiTypography-h2"
            >
              いろんなソートを可視化してみる
            </h2>
          </div>
          <div
            class="MuiGrid-root MuiGrid-container"
          >
            <h3
              class="MuiTypography-root MuiTypography-h3"
            >
              制約としてループを使用しない
            </h3>
          </div>
        </div>
        <div
          class="MuiGrid-root MuiGrid-container MuiGrid-spacing-xs-4"
          id="main"
        >
          <div
            class="MuiGrid-root MuiGrid-item"
          >
            <div
              class="MuiPaper-root MuiCard-root MuiPaper-elevation1 MuiPaper-rounded"
            >
              <button
                class="MuiButtonBase-root MuiCardActionArea-root"
                tabindex="0"
                type="button"
              >
                <div
                  class="MuiCardHeader-root"
                >
                  <div
                    class="MuiCardHeader-content"
                  >
                    <span
                      class="MuiTypography-root MuiCardHeader-title MuiTypography-h5 MuiTypography-displayBlock"
                    >
                      バブルソート
                    </span>
                  </div>
                </div>
                <span
                  class="MuiCardActionArea-focusHighlight"
                />
                <span
                  class="MuiTouchRipple-root"
                />
              </button>
            </div>
          </div>
          <div
            class="MuiGrid-root MuiGrid-item"
          >
            <div
              class="MuiPaper-root MuiCard-root MuiPaper-elevation1 MuiPaper-rounded"
            >
              <button
                class="MuiButtonBase-root MuiCardActionArea-root"
                tabindex="0"
                type="button"
              >
                <div
                  class="MuiCardHeader-root"
                >
                  <div
                    class="MuiCardHeader-content"
                  >
                    <span
                      class="MuiTypography-root MuiCardHeader-title MuiTypography-h5 MuiTypography-displayBlock"
                    >
                      シェーカーソート
                    </span>
                  </div>
                </div>
                <span
                  class="MuiCardActionArea-focusHighlight"
                />
                <span
                  class="MuiTouchRipple-root"
                />
              </button>
            </div>
          </div>
          <div
            class="MuiGrid-root MuiGrid-item"
          >
            <div
              class="MuiPaper-root MuiCard-root MuiPaper-elevation1 MuiPaper-rounded"
            >
              <button
                class="MuiButtonBase-root MuiCardActionArea-root"
                tabindex="0"
                type="button"
              >
                <div
                  class="MuiCardHeader-root"
                >
                  <div
                    class="MuiCardHeader-content"
                  >
                    <span
                      class="MuiTypography-root MuiCardHeader-title MuiTypography-h5 MuiTypography-displayBlock"
                    >
                      ノームソート
                    </span>
                  </div>
                </div>
                <span
                  class="MuiCardActionArea-focusHighlight"
                />
                <span
                  class="MuiTouchRipple-root"
                />
              </button>
            </div>
          </div>
          <div
            class="MuiGrid-root MuiGrid-item"
          >
            <div
              class="MuiPaper-root MuiCard-root MuiPaper-elevation1 MuiPaper-rounded"
            >
              <button
                class="MuiButtonBase-root MuiCardActionArea-root"
                tabindex="0"
                type="button"
              >
                <div
                  class="MuiCardHeader-root"
                >
                  <div
                    class="MuiCardHeader-content"
                  >
                    <span
                      class="MuiTypography-root MuiCardHeader-title MuiTypography-h5 MuiTypography-displayBlock"
                    >
                      選択ソート
                    </span>
                  </div>
                </div>
                <span
                  class="MuiCardActionArea-focusHighlight"
                />
                <span
                  class="MuiTouchRipple-root"
                />
              </button>
            </div>
          </div>
          <div
            class="MuiGrid-root MuiGrid-item"
          >
            <div
              class="MuiPaper-root MuiCard-root MuiPaper-elevation1 MuiPaper-rounded"
            >
              <button
                class="MuiButtonBase-root MuiCardActionArea-root"
                tabindex="0"
                type="button"
              >
                <div
                  class="MuiCardHeader-root"
                >
                  <div
                    class="MuiCardHeader-content"
                  >
                    <span
                      class="MuiTypography-root MuiCardHeader-title MuiTypography-h5 MuiTypography-displayBlock"
                    >
                      挿入ソート(Comming Soon...)
                    </span>
                  </div>
                </div>
                <span
                  class="MuiCardActionArea-focusHighlight"
                />
              </button>
            </div>
          </div>
          <div
            class="MuiGrid-root MuiGrid-item"
          >
            <div
              class="MuiPaper-root MuiCard-root MuiPaper-elevation1 MuiPaper-rounded"
            >
              <button
                class="MuiButtonBase-root MuiCardActionArea-root"
                tabindex="0"
                type="button"
              >
                <div
                  class="MuiCardHeader-root"
                >
                  <div
                    class="MuiCardHeader-content"
                  >
                    <span
                      class="MuiTypography-root MuiCardHeader-title MuiTypography-h5 MuiTypography-displayBlock"
                    >
                      バケットソート(Comming Soon...)
                    </span>
                  </div>
                </div>
                <span
                  class="MuiCardActionArea-focusHighlight"
                />
              </button>
            </div>
          </div>
          <div
            class="MuiGrid-root MuiGrid-item"
          >
            <div
              class="MuiPaper-root MuiCard-root MuiPaper-elevation1 MuiPaper-rounded"
            >
              <button
                class="MuiButtonBase-root MuiCardActionArea-root"
                tabindex="0"
                type="button"
              >
                <div
                  class="MuiCardHeader-root"
                >
                  <div
                    class="MuiCardHeader-content"
                  >
                    <span
                      class="MuiTypography-root MuiCardHeader-title MuiTypography-h5 MuiTypography-displayBlock"
                    >
                      マージソート(Comming Soon...)
                    </span>
                  </div>
                </div>
                <span
                  class="MuiCardActionArea-focusHighlight"
                />
              </button>
            </div>
          </div>
          <div
            class="MuiGrid-root MuiGrid-item"
          >
            <div
              class="MuiPaper-root MuiCard-root MuiPaper-elevation1 MuiPaper-rounded"
            >
              <button
                class="MuiButtonBase-root MuiCardActionArea-root"
                tabindex="0"
                type="button"
              >
                <div
                  class="MuiCardHeader-root"
                >
                  <div
                    class="MuiCardHeader-content"
                  >
                    <span
                      class="MuiTypography-root MuiCardHeader-title MuiTypography-h5 MuiTypography-displayBlock"
                    >
                      ヒープソート(Comming Soon...)
                    </span>
                  </div>
                </div>
                <span
                  class="MuiCardActionArea-focusHighlight"
                />
              </button>
            </div>
          </div>
          <div
            class="MuiGrid-root MuiGrid-item"
          >
            <div
              class="MuiPaper-root MuiCard-root MuiPaper-elevation1 MuiPaper-rounded"
            >
              <button
                class="MuiButtonBase-root MuiCardActionArea-root"
                tabindex="0"
                type="button"
              >
                <div
                  class="MuiCardHeader-root"
                >
                  <div
                    class="MuiCardHeader-content"
                  >
                    <span
                      class="MuiTypography-root MuiCardHeader-title MuiTypography-h5 MuiTypography-displayBlock"
                    >
                      クイックソート(Comming Soon...)
                    </span>
                  </div>
                </div>
                <span
                  class="MuiCardActionArea-focusHighlight"
                />
              </button>
            </div>
          </div>
        </div>
      </div>
    </div>
  </body>,
  "container": <div>
    <div
      class="MuiContainer-root SortsPageContainer-root-2 MuiContainer-maxWidthLg"
      id="Sorts"
    >
      <div
        class="MuiGrid-root MuiGrid-container"
        id="title"
      >
        <div
          class="MuiGrid-root MuiGrid-container"
        >
          <h2
            class="MuiTypography-root MuiTypography-h2"
          >
            いろんなソートを可視化してみる
          </h2>
        </div>
        <div
          class="MuiGrid-root MuiGrid-container"
        >
          <h3
            class="MuiTypography-root MuiTypography-h3"
          >
            制約としてループを使用しない
          </h3>
        </div>
      </div>
      <div
        class="MuiGrid-root MuiGrid-container MuiGrid-spacing-xs-4"
        id="main"
      >
        <div
          class="MuiGrid-root MuiGrid-item"
        >
          <div
            class="MuiPaper-root MuiCard-root MuiPaper-elevation1 MuiPaper-rounded"
          >
            <button
              class="MuiButtonBase-root MuiCardActionArea-root"
              tabindex="0"
              type="button"
            >
              <div
                class="MuiCardHeader-root"
              >
                <div
                  class="MuiCardHeader-content"
                >
                  <span
                    class="MuiTypography-root MuiCardHeader-title MuiTypography-h5 MuiTypography-displayBlock"
                  >
                    バブルソート
                  </span>
                </div>
              </div>
              <span
                class="MuiCardActionArea-focusHighlight"
              />
              <span
                class="MuiTouchRipple-root"
              />
            </button>
          </div>
        </div>
        <div
          class="MuiGrid-root MuiGrid-item"
        >
          <div
            class="MuiPaper-root MuiCard-root MuiPaper-elevation1 MuiPaper-rounded"
          >
            <button
              class="MuiButtonBase-root MuiCardActionArea-root"
              tabindex="0"
              type="button"
            >
              <div
                class="MuiCardHeader-root"
              >
                <div
                  class="MuiCardHeader-content"
                >
                  <span
                    class="MuiTypography-root MuiCardHeader-title MuiTypography-h5 MuiTypography-displayBlock"
                  >
                    シェーカーソート
                  </span>
                </div>
              </div>
              <span
                class="MuiCardActionArea-focusHighlight"
              />
              <span
                class="MuiTouchRipple-root"
              />
            </button>
          </div>
        </div>
        <div
          class="MuiGrid-root MuiGrid-item"
        >
          <div
            class="MuiPaper-root MuiCard-root MuiPaper-elevation1 MuiPaper-rounded"
          >
            <button
              class="MuiButtonBase-root MuiCardActionArea-root"
              tabindex="0"
              type="button"
            >
              <div
                class="MuiCardHeader-root"
              >
                <div
                  class="MuiCardHeader-content"
                >
                  <span
                    class="MuiTypography-root MuiCardHeader-title MuiTypography-h5 MuiTypography-displayBlock"
                  >
                    ノームソート
                  </span>
                </div>
              </div>
              <span
                class="MuiCardActionArea-focusHighlight"
              />
              <span
                class="MuiTouchRipple-root"
              />
            </button>
          </div>
        </div>
        <div
          class="MuiGrid-root MuiGrid-item"
        >
          <div
            class="MuiPaper-root MuiCard-root MuiPaper-elevation1 MuiPaper-rounded"
          >
            <button
              class="MuiButtonBase-root MuiCardActionArea-root"
              tabindex="0"
              type="button"
            >
              <div
                class="MuiCardHeader-root"
              >
                <div
                  class="MuiCardHeader-content"
                >
                  <span
                    class="MuiTypography-root MuiCardHeader-title MuiTypography-h5 MuiTypography-displayBlock"
                  >
                    選択ソート
                  </span>
                </div>
              </div>
              <span
                class="MuiCardActionArea-focusHighlight"
              />
              <span
                class="MuiTouchRipple-root"
              />
            </button>
          </div>
        </div>
        <div
          class="MuiGrid-root MuiGrid-item"
        >
          <div
            class="MuiPaper-root MuiCard-root MuiPaper-elevation1 MuiPaper-rounded"
          >
            <button
              class="MuiButtonBase-root MuiCardActionArea-root"
              tabindex="0"
              type="button"
            >
              <div
                class="MuiCardHeader-root"
              >
                <div
                  class="MuiCardHeader-content"
                >
                  <span
                    class="MuiTypography-root MuiCardHeader-title MuiTypography-h5 MuiTypography-displayBlock"
                  >
                    挿入ソート(Comming Soon...)
                  </span>
                </div>
              </div>
              <span
                class="MuiCardActionArea-focusHighlight"
              />
            </button>
          </div>
        </div>
        <div
          class="MuiGrid-root MuiGrid-item"
        >
          <div
            class="MuiPaper-root MuiCard-root MuiPaper-elevation1 MuiPaper-rounded"
          >
            <button
              class="MuiButtonBase-root MuiCardActionArea-root"
              tabindex="0"
              type="button"
            >
              <div
                class="MuiCardHeader-root"
              >
                <div
                  class="MuiCardHeader-content"
                >
                  <span
                    class="MuiTypography-root MuiCardHeader-title MuiTypography-h5 MuiTypography-displayBlock"
                  >
                    バケットソート(Comming Soon...)
                  </span>
                </div>
              </div>
              <span
                class="MuiCardActionArea-focusHighlight"
              />
            </button>
          </div>
        </div>
        <div
          class="MuiGrid-root MuiGrid-item"
        >
          <div
            class="MuiPaper-root MuiCard-root MuiPaper-elevation1 MuiPaper-rounded"
          >
            <button
              class="MuiButtonBase-root MuiCardActionArea-root"
              tabindex="0"
              type="button"
            >
              <div
                class="MuiCardHeader-root"
              >
                <div
                  class="MuiCardHeader-content"
                >
                  <span
                    class="MuiTypography-root MuiCardHeader-title MuiTypography-h5 MuiTypography-displayBlock"
                  >
                    マージソート(Comming Soon...)
                  </span>
                </div>
              </div>
              <span
                class="MuiCardActionArea-focusHighlight"
              />
            </button>
          </div>
        </div>
        <div
          class="MuiGrid-root MuiGrid-item"
        >
          <div
            class="MuiPaper-root MuiCard-root MuiPaper-elevation1 MuiPaper-rounded"
          >
            <button
              class="MuiButtonBase-root MuiCardActionArea-root"
              tabindex="0"
              type="button"
            >
              <div
                class="MuiCardHeader-root"
              >
                <div
                  class="MuiCardHeader-content"
                >
                  <span
                    class="MuiTypography-root MuiCardHeader-title MuiTypography-h5 MuiTypography-displayBlock"
                  >
                    ヒープソート(Comming Soon...)
                  </span>
                </div>
              </div>
              <span
                class="MuiCardActionArea-focusHighlight"
              />
            </button>
          </div>
        </div>
        <div
          class="MuiGrid-root MuiGrid-item"
        >
          <div
            class="MuiPaper-root MuiCard-root MuiPaper-elevation1 MuiPaper-rounded"
          >
            <button
              class="MuiButtonBase-root MuiCardActionArea-root"
              tabindex="0"
              type="button"
            >
              <div
                class="MuiCardHeader-root"
              >
                <div
                  class="MuiCardHeader-content"
                >
                  <span
                    class="MuiTypography-root MuiCardHeader-title MuiTypography-h5 MuiTypography-displayBlock"
                  >
                    クイックソート(Comming Soon...)
                  </span>
                </div>
              </div>
              <span
                class="MuiCardActionArea-focusHighlight"
              />
            </button>
          </div>
        </div>
      </div>
    </div>
  </div>,
  "debug": [Function],
  "findAllByAltText": [Function],
  "findAllByDisplayValue": [Function],
  "findAllByLabelText": [Function],
  "findAllByPlaceholderText": [Function],
  "findAllByRole": [Function],
  "findAllByTestId": [Function],
  "findAllByText": [Function],
  "findAllByTitle": [Function],
  "findByAltText": [Function],
  "findByDisplayValue": [Function],
  "findByLabelText": [Function],
  "findByPlaceholderText": [Function],
  "findByRole": [Function],
  "findByTestId": [Function],
  "findByText": [Function],
  "findByTitle": [Function],
  "getAllByAltText": [Function],
  "getAllByDisplayValue": [Function],
  "getAllByLabelText": [Function],
  "getAllByPlaceholderText": [Function],
  "getAllByRole": [Function],
  "getAllByTestId": [Function],
  "getAllByText": [Function],
  "getAllByTitle": [Function],
  "getByAltText": [Function],
  "getByDisplayValue": [Function],
  "getByLabelText": [Function],
  "getByPlaceholderText": [Function],
  "getByRole": [Function],
  "getByTestId": [Function],
  "getByText": [Function],
  "getByTitle": [Function],
  "queryAllByAltText": [Function],
  "queryAllByDisplayValue": [Function],
  "queryAllByLabelText": [Function],
  "queryAllByPlaceholderText": [Function],
  "queryAllByRole": [Function],
  "queryAllByTestId": [Function],
  "queryAllByText": [Function],
  "queryAllByTitle": [Function],
  "queryByAltText": [Function],
  "queryByDisplayValue": [Function],
  "queryByLabelText": [Function],
  "queryByPlaceholderText": [Function],
  "queryByRole": [Function],
  "queryByTestId": [Function],
  "queryByText": [Function],
  "queryByTitle": [Function],
  "rerender": [Function],
  "unmount": [Function],
}
`;
